This is a test message from OpenFrogget

If you can read this after decryption, it means the ECC encryption worked!


